
---- 2025-11-06 00:59:27 ----
REMOTE_ADDR: ::1
SESSION_USER_PRESENT: yes
POST_KEYS: ["Nombre","Apellido","Correo","Telefono"]
FILES_KEYS: ["foto_perfil"]
RAW_POST: {"Nombre":"Mariangel","Apellido":"Bokor","Correo":"bokorarcangel447@gmail.com","Telefono":"0424-5319088"}
----------------------------------------

---- 2025-11-06 00:59:50 ----
REMOTE_ADDR: ::1
SESSION_USER_PRESENT: yes
POST_KEYS: ["Nombre","Apellido","Correo","Telefono"]
FILES_KEYS: ["foto_perfil"]
RAW_POST: {"Nombre":"Mariangel","Apellido":"Bokor","Correo":"bokorarcangel447@gmail.com","Telefono":"0424-5319088"}
----------------------------------------

---- 2025-11-06 00:59:51 ----
REMOTE_ADDR: ::1
SESSION_USER_PRESENT: yes
POST_KEYS: ["Nombre","Apellido","Correo","Telefono"]
FILES_KEYS: ["foto_perfil"]
RAW_POST: {"Nombre":"Mariangel","Apellido":"Bokor","Correo":"bokorarcangel447@gmail.com","Telefono":"0424-5319088"}
----------------------------------------

---- 2025-11-06 00:59:51 ----
REMOTE_ADDR: ::1
SESSION_USER_PRESENT: yes
POST_KEYS: ["Nombre","Apellido","Correo","Telefono"]
FILES_KEYS: ["foto_perfil"]
RAW_POST: {"Nombre":"Mariangel","Apellido":"Bokor","Correo":"bokorarcangel447@gmail.com","Telefono":"0424-5319088"}
----------------------------------------

---- 2025-11-06 01:00:16 ----
REMOTE_ADDR: ::1
SESSION_USER_PRESENT: yes
POST_KEYS: ["cambiTema"]
FILES_KEYS: []
RAW_POST: {"cambiTema":"5"}
----------------------------------------

---- 2025-11-06 01:00:31 ----
REMOTE_ADDR: ::1
SESSION_USER_PRESENT: yes
POST_KEYS: ["Nombre","Apellido","Correo","Telefono"]
FILES_KEYS: ["foto_perfil"]
RAW_POST: {"Nombre":"Mariangel","Apellido":"Bokor","Correo":"bokorarcangel447@gmail.com","Telefono":"0424-5319088"}
----------------------------------------

---- 2025-11-06 01:00:41 ----
REMOTE_ADDR: ::1
SESSION_USER_PRESENT: yes
POST_KEYS: ["Nombre","Apellido","Correo","Telefono"]
FILES_KEYS: ["foto_perfil"]
RAW_POST: {"Nombre":"Mariangeles","Apellido":"Bokor","Correo":"bokorarcangel447@gmail.com","Telefono":"0424-5319088"}
----------------------------------------

---- 2025-11-06 01:11:36 ----
REMOTE_ADDR: ::1
SESSION_USER_PRESENT: yes
POST_KEYS: ["Nombre","Apellido","Correo","Telefono"]
FILES_KEYS: ["foto_perfil"]
RAW_POST: {"Nombre":"Mariangeles","Apellido":"Bokor","Correo":"bokorarcangel447@gmail.com","Telefono":"0424-5319088"}
----------------------------------------

---- 2025-11-06 01:11:38 ----
REMOTE_ADDR: ::1
SESSION_USER_PRESENT: yes
POST_KEYS: []
FILES_KEYS: []
RAW_POST: []
----------------------------------------

---- 2025-11-06 01:11:43 ----
REMOTE_ADDR: ::1
SESSION_USER_PRESENT: yes
POST_KEYS: []
FILES_KEYS: []
RAW_POST: []
----------------------------------------

---- 2025-11-06 01:11:47 ----
REMOTE_ADDR: ::1
SESSION_USER_PRESENT: yes
POST_KEYS: []
FILES_KEYS: []
RAW_POST: []
----------------------------------------

---- 2025-11-06 01:11:56 ----
REMOTE_ADDR: ::1
SESSION_USER_PRESENT: yes
POST_KEYS: ["Nombre","Apellido","Correo","Telefono"]
FILES_KEYS: ["foto_perfil"]
RAW_POST: {"Nombre":"Mariangeless","Apellido":"Bokor","Correo":"bokorarcangel447@gmail.com","Telefono":"0424-5319088"}
----------------------------------------

---- 2025-11-06 01:11:57 ----
REMOTE_ADDR: ::1
SESSION_USER_PRESENT: yes
POST_KEYS: []
FILES_KEYS: []
RAW_POST: []
----------------------------------------

---- 2025-11-06 01:12:14 ----
REMOTE_ADDR: ::1
SESSION_USER_PRESENT: yes
POST_KEYS: ["Nombre","Apellido","Correo","Telefono"]
FILES_KEYS: ["foto_perfil"]
RAW_POST: {"Nombre":"Anaaa","Apellido":"Bokor","Correo":"bokorarcangel447@gmail.com","Telefono":"0424-5319088"}
----------------------------------------

---- 2025-11-06 01:12:15 ----
REMOTE_ADDR: ::1
SESSION_USER_PRESENT: yes
POST_KEYS: []
FILES_KEYS: []
RAW_POST: []
----------------------------------------

---- 2025-11-06 01:12:22 ----
REMOTE_ADDR: ::1
SESSION_USER_PRESENT: yes
POST_KEYS: []
FILES_KEYS: []
RAW_POST: []
----------------------------------------

---- 2025-11-06 01:12:30 ----
REMOTE_ADDR: ::1
SESSION_USER_PRESENT: yes
POST_KEYS: []
FILES_KEYS: []
RAW_POST: []
----------------------------------------

---- 2025-11-06 01:12:44 ----
REMOTE_ADDR: ::1
SESSION_USER_PRESENT: yes
POST_KEYS: ["Nombre","Apellido","Correo","Telefono"]
FILES_KEYS: ["foto_perfil"]
RAW_POST: {"Nombre":"Mariangel","Apellido":"Bokor","Correo":"bokorarcangel447@gmail.com","Telefono":"0424-5319088"}
----------------------------------------

---- 2025-11-06 01:12:44 ----
REMOTE_ADDR: ::1
SESSION_USER_PRESENT: yes
POST_KEYS: []
FILES_KEYS: []
RAW_POST: []
----------------------------------------

---- 2025-11-06 01:14:43 ----
REMOTE_ADDR: ::1
SESSION_USER_PRESENT: yes
POST_KEYS: ["Nombre","Apellido","Correo","Telefono"]
FILES_KEYS: ["foto_perfil"]
RAW_POST: {"Nombre":"Mariangel","Apellido":"Bokor","Correo":"bokorarcangel447@gmail.com","Telefono":"0424-5319088"}
----------------------------------------

---- 2025-11-06 01:14:43 ----
REMOTE_ADDR: ::1
SESSION_USER_PRESENT: yes
POST_KEYS: []
FILES_KEYS: []
RAW_POST: []
----------------------------------------

---- 2025-11-06 01:14:59 ----
REMOTE_ADDR: ::1
SESSION_USER_PRESENT: yes
POST_KEYS: ["Nombre","Apellido","Correo","Telefono"]
FILES_KEYS: ["foto_perfil"]
RAW_POST: {"Nombre":"Mariangel","Apellido":"Bokor","Correo":"bokorarcangel447@gmail.com","Telefono":"0424-5319088"}
----------------------------------------

---- 2025-11-06 01:14:59 ----
REMOTE_ADDR: ::1
SESSION_USER_PRESENT: yes
POST_KEYS: []
FILES_KEYS: []
RAW_POST: []
----------------------------------------

---- 2025-11-06 01:15:39 ----
REMOTE_ADDR: ::1
SESSION_USER_PRESENT: yes
POST_KEYS: ["Nombre","Apellido","Correo","Telefono","eliminarF"]
FILES_KEYS: ["foto_perfil"]
RAW_POST: {"Nombre":"Mariangel","Apellido":"Bokor","Correo":"bokorarcangel447@gmail.com","Telefono":"0424-5319088","eliminarF":"1"}
----------------------------------------

---- 2025-11-06 01:15:40 ----
REMOTE_ADDR: ::1
SESSION_USER_PRESENT: yes
POST_KEYS: []
FILES_KEYS: []
RAW_POST: []
----------------------------------------

---- 2025-11-06 01:15:49 ----
REMOTE_ADDR: ::1
SESSION_USER_PRESENT: yes
POST_KEYS: ["cambiTema"]
FILES_KEYS: []
RAW_POST: {"cambiTema":"2"}
----------------------------------------

---- 2025-11-06 01:36:50 ----
REMOTE_ADDR: ::1
SESSION_USER_PRESENT: yes
POST_KEYS: []
FILES_KEYS: []
RAW_POST: []
----------------------------------------

---- 2025-11-06 01:37:05 ----
REMOTE_ADDR: ::1
SESSION_USER_PRESENT: yes
POST_KEYS: ["Nombre","Apellido","Correo","Telefono"]
FILES_KEYS: ["foto_perfil"]
RAW_POST: {"Nombre":"Mariangel","Apellido":"Bokor","Correo":"bokorarcangel447@gmail.com","Telefono":"0424-5319088"}
----------------------------------------

---- 2025-11-06 01:37:05 ----
REMOTE_ADDR: ::1
SESSION_USER_PRESENT: yes
POST_KEYS: []
FILES_KEYS: []
RAW_POST: []
----------------------------------------

---- 2025-11-06 01:37:22 ----
REMOTE_ADDR: ::1
SESSION_USER_PRESENT: yes
POST_KEYS: ["Nombre","Apellido","Correo","Telefono"]
FILES_KEYS: ["foto_perfil"]
RAW_POST: {"Nombre":"Alixx","Apellido":"Bokor","Correo":"bokorarcangel447@gmail.com","Telefono":"0424-5319088"}
----------------------------------------

---- 2025-11-06 01:37:22 ----
REMOTE_ADDR: ::1
SESSION_USER_PRESENT: yes
POST_KEYS: []
FILES_KEYS: []
RAW_POST: []
----------------------------------------

---- 2025-11-06 01:38:03 ----
REMOTE_ADDR: ::1
SESSION_USER_PRESENT: yes
POST_KEYS: ["cambiTema"]
FILES_KEYS: []
RAW_POST: {"cambiTema":"5"}
----------------------------------------

---- 2025-11-06 01:38:56 ----
REMOTE_ADDR: ::1
SESSION_USER_PRESENT: yes
POST_KEYS: []
FILES_KEYS: []
RAW_POST: []
----------------------------------------

---- 2025-11-06 01:39:31 ----
REMOTE_ADDR: ::1
SESSION_USER_PRESENT: yes
POST_KEYS: ["Nombre","Apellido","Correo","Telefono"]
FILES_KEYS: ["foto_perfil"]
RAW_POST: {"Nombre":"Mariangel","Apellido":"Bokor","Correo":"bokorarcangel447@gmail.com","Telefono":"0424-5319088"}
----------------------------------------

---- 2025-11-06 01:39:31 ----
REMOTE_ADDR: ::1
SESSION_USER_PRESENT: yes
POST_KEYS: []
FILES_KEYS: []
RAW_POST: []
----------------------------------------

---- 2025-11-06 01:43:49 ----
REMOTE_ADDR: ::1
SESSION_USER_PRESENT: yes
POST_KEYS: []
FILES_KEYS: []
RAW_POST: []
----------------------------------------

---- 2025-11-06 01:43:52 ----
REMOTE_ADDR: ::1
SESSION_USER_PRESENT: yes
POST_KEYS: []
FILES_KEYS: []
RAW_POST: []
----------------------------------------

---- 2025-11-06 01:43:52 ----
REMOTE_ADDR: ::1
SESSION_USER_PRESENT: yes
POST_KEYS: []
FILES_KEYS: []
RAW_POST: []
----------------------------------------

---- 2025-11-06 01:44:02 ----
REMOTE_ADDR: ::1
SESSION_USER_PRESENT: yes
POST_KEYS: ["Nombre","Apellido","Correo","Telefono"]
FILES_KEYS: ["foto_perfil"]
RAW_POST: {"Nombre":"Mariangel","Apellido":"Bokor","Correo":"bokorarcangel447@gmail.com","Telefono":"0424-5319088"}
----------------------------------------

---- 2025-11-06 01:44:02 ----
REMOTE_ADDR: ::1
SESSION_USER_PRESENT: yes
POST_KEYS: []
FILES_KEYS: []
RAW_POST: []
----------------------------------------

---- 2025-11-06 01:44:16 ----
REMOTE_ADDR: ::1
SESSION_USER_PRESENT: yes
POST_KEYS: ["Nombre","Apellido","Correo","Telefono"]
FILES_KEYS: ["foto_perfil"]
RAW_POST: {"Nombre":"Amanmecer","Apellido":"Bokor","Correo":"bokorarcangel447@gmail.com","Telefono":"0424-5319088"}
----------------------------------------

---- 2025-11-06 01:44:16 ----
REMOTE_ADDR: ::1
SESSION_USER_PRESENT: yes
POST_KEYS: []
FILES_KEYS: []
RAW_POST: []
----------------------------------------

---- 2025-11-06 01:44:21 ----
REMOTE_ADDR: ::1
SESSION_USER_PRESENT: yes
POST_KEYS: ["cambiTema"]
FILES_KEYS: []
RAW_POST: {"cambiTema":"5"}
----------------------------------------

---- 2025-11-06 01:44:21 ----
REMOTE_ADDR: ::1
SESSION_USER_PRESENT: yes
POST_KEYS: []
FILES_KEYS: []
RAW_POST: []
----------------------------------------

---- 2025-11-06 02:00:38 ----
REMOTE_ADDR: ::1
SESSION_USER_PRESENT: yes
POST_KEYS: []
FILES_KEYS: []
RAW_POST: []
----------------------------------------

---- 2025-11-06 02:00:40 ----
REMOTE_ADDR: ::1
SESSION_USER_PRESENT: yes
POST_KEYS: []
FILES_KEYS: []
RAW_POST: []
----------------------------------------
